Archive member included to satisfy reference by file (symbol)

c:/7.0/toolchain/avr8/avr8-gnu-toolchain/bin/../lib/gcc/avr/5.4.0/../../../../avr/lib/avr5\libm.a(fixunssfsi.o)
                              main.o (__fixunssfsi)
c:/7.0/toolchain/avr8/avr8-gnu-toolchain/bin/../lib/gcc/avr/5.4.0/../../../../avr/lib/avr5\libm.a(floatsisf.o)
                              main.o (__floatunsisf)
c:/7.0/toolchain/avr8/avr8-gnu-toolchain/bin/../lib/gcc/avr/5.4.0/../../../../avr/lib/avr5\libm.a(fp_split3.o)
                              c:/7.0/toolchain/avr8/avr8-gnu-toolchain/bin/../lib/gcc/avr/5.4.0/../../../../avr/lib/avr5\libm.a(fixunssfsi.o) (__fp_splitA)
c:/7.0/toolchain/avr8/avr8-gnu-toolchain/bin/../lib/gcc/avr/5.4.0/../../../../avr/lib/avr5\libm.a(fp_zero.o)
                              c:/7.0/toolchain/avr8/avr8-gnu-toolchain/bin/../lib/gcc/avr/5.4.0/../../../../avr/lib/avr5\libm.a(fixunssfsi.o) (__fp_zero)
c:/7.0/toolchain/avr8/avr8-gnu-toolchain/bin/../lib/gcc/avr/5.4.0/../../../../avr/lib/avr5\libm.a(mulsf3.o)
                              main.o (__mulsf3)
c:/7.0/toolchain/avr8/avr8-gnu-toolchain/bin/../lib/gcc/avr/5.4.0/../../../../avr/lib/avr5\libm.a(mulsf3x.o)
                              c:/7.0/toolchain/avr8/avr8-gnu-toolchain/bin/../lib/gcc/avr/5.4.0/../../../../avr/lib/avr5\libm.a(mulsf3.o) (__mulsf3x)
c:/7.0/toolchain/avr8/avr8-gnu-toolchain/bin/../lib/gcc/avr/5.4.0/../../../../avr/lib/avr5\libm.a(fp_inf.o)
                              c:/7.0/toolchain/avr8/avr8-gnu-toolchain/bin/../lib/gcc/avr/5.4.0/../../../../avr/lib/avr5\libm.a(mulsf3x.o) (__fp_inf)
c:/7.0/toolchain/avr8/avr8-gnu-toolchain/bin/../lib/gcc/avr/5.4.0/../../../../avr/lib/avr5\libm.a(fp_nan.o)
                              c:/7.0/toolchain/avr8/avr8-gnu-toolchain/bin/../lib/gcc/avr/5.4.0/../../../../avr/lib/avr5\libm.a(mulsf3x.o) (__fp_nan)
c:/7.0/toolchain/avr8/avr8-gnu-toolchain/bin/../lib/gcc/avr/5.4.0/../../../../avr/lib/avr5\libm.a(fp_pscA.o)
                              c:/7.0/toolchain/avr8/avr8-gnu-toolchain/bin/../lib/gcc/avr/5.4.0/../../../../avr/lib/avr5\libm.a(mulsf3x.o) (__fp_pscA)
c:/7.0/toolchain/avr8/avr8-gnu-toolchain/bin/../lib/gcc/avr/5.4.0/../../../../avr/lib/avr5\libm.a(fp_pscB.o)
                              c:/7.0/toolchain/avr8/avr8-gnu-toolchain/bin/../lib/gcc/avr/5.4.0/../../../../avr/lib/avr5\libm.a(mulsf3x.o) (__fp_pscB)
c:/7.0/toolchain/avr8/avr8-gnu-toolchain/bin/../lib/gcc/avr/5.4.0/../../../../avr/lib/avr5\libm.a(fp_round.o)
                              c:/7.0/toolchain/avr8/avr8-gnu-toolchain/bin/../lib/gcc/avr/5.4.0/../../../../avr/lib/avr5\libm.a(mulsf3.o) (__fp_round)
c:/7.0/toolchain/avr8/avr8-gnu-toolchain/bin/../lib/gcc/avr/5.4.0/avr5\libgcc.a(_exit.o)
                              C:/7.0/Packs/atmel/ATmega_DFP/1.7.374/gcc/dev/atmega32/avr5/crtatmega32.o (exit)
c:/7.0/toolchain/avr8/avr8-gnu-toolchain/bin/../lib/gcc/avr/5.4.0/avr5\libgcc.a(_copy_data.o)
                              main.o (__do_copy_data)
c:/7.0/toolchain/avr8/avr8-gnu-toolchain/bin/../lib/gcc/avr/5.4.0/avr5\libgcc.a(_clear_bss.o)
                              main.o (__do_clear_bss)
c:/7.0/toolchain/avr8/avr8-gnu-toolchain/bin/../lib/gcc/avr/5.4.0/../../../../avr/lib/avr5\libc.a(itoa_ncheck.o)
                              main.o (__itoa_ncheck)
c:/7.0/toolchain/avr8/avr8-gnu-toolchain/bin/../lib/gcc/avr/5.4.0/../../../../avr/lib/avr5\libc.a(utoa_ncheck.o)
                              c:/7.0/toolchain/avr8/avr8-gnu-toolchain/bin/../lib/gcc/avr/5.4.0/../../../../avr/lib/avr5\libc.a(itoa_ncheck.o) (__utoa_common)
c:/7.0/toolchain/avr8/avr8-gnu-toolchain/bin/../lib/gcc/avr/5.4.0/../../../../avr/lib/avr5\libc.a(strrev.o)
                              c:/7.0/toolchain/avr8/avr8-gnu-toolchain/bin/../lib/gcc/avr/5.4.0/../../../../avr/lib/avr5\libc.a(utoa_ncheck.o) (strrev)

Allocating common symbols
Common symbol       size              file

TIMER0_CTC_CallBack
                    0x2               Timer0_prg.o
TIMER0_OV_CallBack  0x2               Timer0_prg.o
distance_str        0xa               main.o

Discarded input sections

 .data          0x00000000        0x0 C:/7.0/Packs/atmel/ATmega_DFP/1.7.374/gcc/dev/atmega32/avr5/crtatmega32.o
 .bss           0x00000000        0x0 C:/7.0/Packs/atmel/ATmega_DFP/1.7.374/gcc/dev/atmega32/avr5/crtatmega32.o
 .text          0x00000000        0x0 DIO_prog.o
 .data          0x00000000        0x0 DIO_prog.o
 .bss           0x00000000        0x0 DIO_prog.o
 .text.DIO_voidGtPinValue
                0x00000000       0x5c DIO_prog.o
 .text          0x00000000        0x0 EXTI_prog.o
 .data          0x00000000        0x0 EXTI_prog.o
 .bss           0x00000000        0x0 EXTI_prog.o
 .text          0x00000000        0x0 GIE_prog.o
 .data          0x00000000        0x0 GIE_prog.o
 .bss           0x00000000        0x0 GIE_prog.o
 .text          0x00000000        0x0 LCD_prog.o
 .data          0x00000000        0x0 LCD_prog.o
 .bss           0x00000000        0x0 LCD_prog.o
 .text          0x00000000        0x0 main.o
 .data          0x00000000        0x0 main.o
 .bss           0x00000000        0x0 main.o
 .text          0x00000000        0x0 Motors_prog.o
 .data          0x00000000        0x0 Motors_prog.o
 .bss           0x00000000        0x0 Motors_prog.o
 .text          0x00000000        0x0 Servo_prog.o
 .data          0x00000000        0x0 Servo_prog.o
 .bss           0x00000000        0x0 Servo_prog.o
 .text          0x00000000        0x0 Timer0_prg.o
 .data          0x00000000        0x0 Timer0_prg.o
 .bss           0x00000000        0x0 Timer0_prg.o
 .text.TIMER0_void_SetTimerReg
                0x00000000        0x4 Timer0_prg.o
 .text.TIMER0_void_SetCompareVal
                0x00000000        0x4 Timer0_prg.o
 .text.TIMER0_void_DisableOVInt
                0x00000000        0x8 Timer0_prg.o
 .text.TIMER0_void_EnableCTCInt
                0x00000000        0x8 Timer0_prg.o
 .text.TIMER0_void_DisableCTCInt
                0x00000000        0x8 Timer0_prg.o
 COMMON         0x00000000        0x4 Timer0_prg.o
 .text          0x00000000        0x0 Timer1_PROG.o
 .data          0x00000000        0x0 Timer1_PROG.o
 .bss           0x00000000        0x0 Timer1_PROG.o
 .text.TIMER1_void_SetCompareVal
                0x00000000        0x6 Timer1_PROG.o
 .text          0x00000000        0x0 ultrasonic_prog.o
 .data          0x00000000        0x0 ultrasonic_prog.o
 .bss           0x00000000        0x0 ultrasonic_prog.o
 .text          0x00000000        0x0 c:/7.0/toolchain/avr8/avr8-gnu-toolchain/bin/../lib/gcc/avr/5.4.0/../../../../avr/lib/avr5\libm.a(fixunssfsi.o)
 .data          0x00000000        0x0 c:/7.0/toolchain/avr8/avr8-gnu-toolchain/bin/../lib/gcc/avr/5.4.0/../../../../avr/lib/avr5\libm.a(fixunssfsi.o)
 .bss           0x00000000        0x0 c:/7.0/toolchain/avr8/avr8-gnu-toolchain/bin/../lib/gcc/avr/5.4.0/../../../../avr/lib/avr5\libm.a(fixunssfsi.o)
 .text          0x00000000        0x0 c:/7.0/toolchain/avr8/avr8-gnu-toolchain/bin/../lib/gcc/avr/5.4.0/../../../../avr/lib/avr5\libm.a(floatsisf.o)
 .data          0x00000000        0x0 c:/7.0/toolchain/avr8/avr8-gnu-toolchain/bin/../lib/gcc/avr/5.4.0/../../../../avr/lib/avr5\libm.a(floatsisf.o)
 .bss           0x00000000        0x0 c:/7.0/toolchain/avr8/avr8-gnu-toolchain/bin/../lib/gcc/avr/5.4.0/../../../../avr/lib/avr5\libm.a(floatsisf.o)
 .text          0x00000000        0x0 c:/7.0/toolchain/avr8/avr8-gnu-toolchain/bin/../lib/gcc/avr/5.4.0/../../../../avr/lib/avr5\libm.a(fp_split3.o)
 .data          0x00000000        0x0 c:/7.0/toolchain/avr8/avr8-gnu-toolchain/bin/../lib/gcc/avr/5.4.0/../../../../avr/lib/avr5\libm.a(fp_split3.o)
 .bss           0x00000000        0x0 c:/7.0/toolchain/avr8/avr8-gnu-toolchain/bin/../lib/gcc/avr/5.4.0/../../../../avr/lib/avr5\libm.a(fp_split3.o)
 .text          0x00000000        0x0 c:/7.0/toolchain/avr8/avr8-gnu-toolchain/bin/../lib/gcc/avr/5.4.0/../../../../avr/lib/avr5\libm.a(fp_zero.o)
 .data          0x00000000        0x0 c:/7.0/toolchain/avr8/avr8-gnu-toolchain/bin/../lib/gcc/avr/5.4.0/../../../../avr/lib/avr5\libm.a(fp_zero.o)
 .bss           0x00000000        0x0 c:/7.0/toolchain/avr8/avr8-gnu-toolchain/bin/../lib/gcc/avr/5.4.0/../../../../avr/lib/avr5\libm.a(fp_zero.o)
 .text          0x00000000        0x0 c:/7.0/toolchain/avr8/avr8-gnu-toolchain/bin/../lib/gcc/avr/5.4.0/../../../../avr/lib/avr5\libm.a(mulsf3.o)
 .data          0x00000000        0x0 c:/7.0/toolchain/avr8/avr8-gnu-toolchain/bin/../lib/gcc/avr/5.4.0/../../../../avr/lib/avr5\libm.a(mulsf3.o)
 .bss           0x00000000        0x0 c:/7.0/toolchain/avr8/avr8-gnu-toolchain/bin/../lib/gcc/avr/5.4.0/../../../../avr/lib/avr5\libm.a(mulsf3.o)
 .text          0x00000000        0x0 c:/7.0/toolchain/avr8/avr8-gnu-toolchain/bin/../lib/gcc/avr/5.4.0/../../../../avr/lib/avr5\libm.a(mulsf3x.o)
 .data          0x00000000        0x0 c:/7.0/toolchain/avr8/avr8-gnu-toolchain/bin/../lib/gcc/avr/5.4.0/../../../../avr/lib/avr5\libm.a(mulsf3x.o)
 .bss           0x00000000        0x0 c:/7.0/toolchain/avr8/avr8-gnu-toolchain/bin/../lib/gcc/avr/5.4.0/../../../../avr/lib/avr5\libm.a(mulsf3x.o)
 .text          0x00000000        0x0 c:/7.0/toolchain/avr8/avr8-gnu-toolchain/bin/../lib/gcc/avr/5.4.0/../../../../avr/lib/avr5\libm.a(fp_inf.o)
 .data          0x00000000        0x0 c:/7.0/toolchain/avr8/avr8-gnu-toolchain/bin/../lib/gcc/avr/5.4.0/../../../../avr/lib/avr5\libm.a(fp_inf.o)
 .bss           0x00000000        0x0 c:/7.0/toolchain/avr8/avr8-gnu-toolchain/bin/../lib/gcc/avr/5.4.0/../../../../avr/lib/avr5\libm.a(fp_inf.o)
 .text          0x00000000        0x0 c:/7.0/toolchain/avr8/avr8-gnu-toolchain/bin/../lib/gcc/avr/5.4.0/../../../../avr/lib/avr5\libm.a(fp_nan.o)
 .data          0x00000000        0x0 c:/7.0/toolchain/avr8/avr8-gnu-toolchain/bin/../lib/gcc/avr/5.4.0/../../../../avr/lib/avr5\libm.a(fp_nan.o)
 .bss           0x00000000        0x0 c:/7.0/toolchain/avr8/avr8-gnu-toolchain/bin/../lib/gcc/avr/5.4.0/../../../../avr/lib/avr5\libm.a(fp_nan.o)
 .text          0x00000000        0x0 c:/7.0/toolchain/avr8/avr8-gnu-toolchain/bin/../lib/gcc/avr/5.4.0/../../../../avr/lib/avr5\libm.a(fp_pscA.o)
 .data          0x00000000        0x0 c:/7.0/toolchain/avr8/avr8-gnu-toolchain/bin/../lib/gcc/avr/5.4.0/../../../../avr/lib/avr5\libm.a(fp_pscA.o)
 .bss           0x00000000        0x0 c:/7.0/toolchain/avr8/avr8-gnu-toolchain/bin/../lib/gcc/avr/5.4.0/../../../../avr/lib/avr5\libm.a(fp_pscA.o)
 .text          0x00000000        0x0 c:/7.0/toolchain/avr8/avr8-gnu-toolchain/bin/../lib/gcc/avr/5.4.0/../../../../avr/lib/avr5\libm.a(fp_pscB.o)
 .data          0x00000000        0x0 c:/7.0/toolchain/avr8/avr8-gnu-toolchain/bin/../lib/gcc/avr/5.4.0/../../../../avr/lib/avr5\libm.a(fp_pscB.o)
 .bss           0x00000000        0x0 c:/7.0/toolchain/avr8/avr8-gnu-toolchain/bin/../lib/gcc/avr/5.4.0/../../../../avr/lib/avr5\libm.a(fp_pscB.o)
 .text          0x00000000        0x0 c:/7.0/toolchain/avr8/avr8-gnu-toolchain/bin/../lib/gcc/avr/5.4.0/../../../../avr/lib/avr5\libm.a(fp_round.o)
 .data          0x00000000        0x0 c:/7.0/toolchain/avr8/avr8-gnu-toolchain/bin/../lib/gcc/avr/5.4.0/../../../../avr/lib/avr5\libm.a(fp_round.o)
 .bss           0x00000000        0x0 c:/7.0/toolchain/avr8/avr8-gnu-toolchain/bin/../lib/gcc/avr/5.4.0/../../../../avr/lib/avr5\libm.a(fp_round.o)
 .text          0x00000000        0x0 c:/7.0/toolchain/avr8/avr8-gnu-toolchain/bin/../lib/gcc/avr/5.4.0/avr5\libgcc.a(_exit.o)
 .data          0x00000000        0x0 c:/7.0/toolchain/avr8/avr8-gnu-toolchain/bin/../lib/gcc/avr/5.4.0/avr5\libgcc.a(_exit.o)
 .bss           0x00000000        0x0 c:/7.0/toolchain/avr8/avr8-gnu-toolchain/bin/../lib/gcc/avr/5.4.0/avr5\libgcc.a(_exit.o)
 .text.libgcc.mul
                0x00000000        0x0 c:/7.0/toolchain/avr8/avr8-gnu-toolchain/bin/../lib/gcc/avr/5.4.0/avr5\libgcc.a(_exit.o)
 .text.libgcc.div
                0x00000000        0x0 c:/7.0/toolchain/avr8/avr8-gnu-toolchain/bin/../lib/gcc/avr/5.4.0/avr5\libgcc.a(_exit.o)
 .text.libgcc   0x00000000        0x0 c:/7.0/toolchain/avr8/avr8-gnu-toolchain/bin/../lib/gcc/avr/5.4.0/avr5\libgcc.a(_exit.o)
 .text.libgcc.prologue
                0x00000000        0x0 c:/7.0/toolchain/avr8/avr8-gnu-toolchain/bin/../lib/gcc/avr/5.4.0/avr5\libgcc.a(_exit.o)
 .text.libgcc.builtins
                0x00000000        0x0 c:/7.0/toolchain/avr8/avr8-gnu-toolchain/bin/../lib/gcc/avr/5.4.0/avr5\libgcc.a(_exit.o)
 .text.libgcc.fmul
                0x00000000        0x0 c:/7.0/toolchain/avr8/avr8-gnu-toolchain/bin/../lib/gcc/avr/5.4.0/avr5\libgcc.a(_exit.o)
 .text.libgcc.fixed
                0x00000000        0x0 c:/7.0/toolchain/avr8/avr8-gnu-toolchain/bin/../lib/gcc/avr/5.4.0/avr5\libgcc.a(_exit.o)
 .text          0x00000000        0x0 c:/7.0/toolchain/avr8/avr8-gnu-toolchain/bin/../lib/gcc/avr/5.4.0/avr5\libgcc.a(_copy_data.o)
 .data          0x00000000        0x0 c:/7.0/toolchain/avr8/avr8-gnu-toolchain/bin/../lib/gcc/avr/5.4.0/avr5\libgcc.a(_copy_data.o)
 .bss           0x00000000        0x0 c:/7.0/toolchain/avr8/avr8-gnu-toolchain/bin/../lib/gcc/avr/5.4.0/avr5\libgcc.a(_copy_data.o)
 .text.libgcc.mul
                0x00000000        0x0 c:/7.0/toolchain/avr8/avr8-gnu-toolchain/bin/../lib/gcc/avr/5.4.0/avr5\libgcc.a(_copy_data.o)
 .text.libgcc.div
                0x00000000        0x0 c:/7.0/toolchain/avr8/avr8-gnu-toolchain/bin/../lib/gcc/avr/5.4.0/avr5\libgcc.a(_copy_data.o)
 .text.libgcc   0x00000000        0x0 c:/7.0/toolchain/avr8/avr8-gnu-toolchain/bin/../lib/gcc/avr/5.4.0/avr5\libgcc.a(_copy_data.o)
 .text.libgcc.prologue
                0x00000000        0x0 c:/7.0/toolchain/avr8/avr8-gnu-toolchain/bin/../lib/gcc/avr/5.4.0/avr5\libgcc.a(_copy_data.o)
 .text.libgcc.builtins
                0x00000000        0x0 c:/7.0/toolchain/avr8/avr8-gnu-toolchain/bin/../lib/gcc/avr/5.4.0/avr5\libgcc.a(_copy_data.o)
 .text.libgcc.fmul
                0x00000000        0x0 c:/7.0/toolchain/avr8/avr8-gnu-toolchain/bin/../lib/gcc/avr/5.4.0/avr5\libgcc.a(_copy_data.o)
 .text.libgcc.fixed
                0x00000000        0x0 c:/7.0/toolchain/avr8/avr8-gnu-toolchain/bin/../lib/gcc/avr/5.4.0/avr5\libgcc.a(_copy_data.o)
 .text          0x00000000        0x0 c:/7.0/toolchain/avr8/avr8-gnu-toolchain/bin/../lib/gcc/avr/5.4.0/avr5\libgcc.a(_clear_bss.o)
 .data          0x00000000        0x0 c:/7.0/toolchain/avr8/avr8-gnu-toolchain/bin/../lib/gcc/avr/5.4.0/avr5\libgcc.a(_clear_bss.o)
 .bss           0x00000000        0x0 c:/7.0/toolchain/avr8/avr8-gnu-toolchain/bin/../lib/gcc/avr/5.4.0/avr5\libgcc.a(_clear_bss.o)
 .text.libgcc.mul
                0x00000000        0x0 c:/7.0/toolchain/avr8/avr8-gnu-toolchain/bin/../lib/gcc/avr/5.4.0/avr5\libgcc.a(_clear_bss.o)
 .text.libgcc.div
                0x00000000        0x0 c:/7.0/toolchain/avr8/avr8-gnu-toolchain/bin/../lib/gcc/avr/5.4.0/avr5\libgcc.a(_clear_bss.o)
 .text.libgcc   0x00000000        0x0 c:/7.0/toolchain/avr8/avr8-gnu-toolchain/bin/../lib/gcc/avr/5.4.0/avr5\libgcc.a(_clear_bss.o)
 .text.libgcc.prologue
                0x00000000        0x0 c:/7.0/toolchain/avr8/avr8-gnu-toolchain/bin/../lib/gcc/avr/5.4.0/avr5\libgcc.a(_clear_bss.o)
 .text.libgcc.builtins
                0x00000000        0x0 c:/7.0/toolchain/avr8/avr8-gnu-toolchain/bin/../lib/gcc/avr/5.4.0/avr5\libgcc.a(_clear_bss.o)
 .text.libgcc.fmul
                0x00000000        0x0 c:/7.0/toolchain/avr8/avr8-gnu-toolchain/bin/../lib/gcc/avr/5.4.0/avr5\libgcc.a(_clear_bss.o)
 .text.libgcc.fixed
                0x00000000        0x0 c:/7.0/toolchain/avr8/avr8-gnu-toolchain/bin/../lib/gcc/avr/5.4.0/avr5\libgcc.a(_clear_bss.o)
 .text          0x00000000        0x0 c:/7.0/toolchain/avr8/avr8-gnu-toolchain/bin/../lib/gcc/avr/5.4.0/../../../../avr/lib/avr5\libc.a(itoa_ncheck.o)
 .data          0x00000000        0x0 c:/7.0/toolchain/avr8/avr8-gnu-toolchain/bin/../lib/gcc/avr/5.4.0/../../../../avr/lib/avr5\libc.a(itoa_ncheck.o)
 .bss           0x00000000        0x0 c:/7.0/toolchain/avr8/avr8-gnu-toolchain/bin/../lib/gcc/avr/5.4.0/../../../../avr/lib/avr5\libc.a(itoa_ncheck.o)
 .text          0x00000000        0x0 c:/7.0/toolchain/avr8/avr8-gnu-toolchain/bin/../lib/gcc/avr/5.4.0/../../../../avr/lib/avr5\libc.a(utoa_ncheck.o)
 .data          0x00000000        0x0 c:/7.0/toolchain/avr8/avr8-gnu-toolchain/bin/../lib/gcc/avr/5.4.0/../../../../avr/lib/avr5\libc.a(utoa_ncheck.o)
 .bss           0x00000000        0x0 c:/7.0/toolchain/avr8/avr8-gnu-toolchain/bin/../lib/gcc/avr/5.4.0/../../../../avr/lib/avr5\libc.a(utoa_ncheck.o)
 .text          0x00000000        0x0 c:/7.0/toolchain/avr8/avr8-gnu-toolchain/bin/../lib/gcc/avr/5.4.0/../../../../avr/lib/avr5\libc.a(strrev.o)
 .data          0x00000000        0x0 c:/7.0/toolchain/avr8/avr8-gnu-toolchain/bin/../lib/gcc/avr/5.4.0/../../../../avr/lib/avr5\libc.a(strrev.o)
 .bss           0x00000000        0x0 c:/7.0/toolchain/avr8/avr8-gnu-toolchain/bin/../lib/gcc/avr/5.4.0/../../../../avr/lib/avr5\libc.a(strrev.o)

Memory Configuration

Name             Origin             Length             Attributes
text             0x00000000         0x00008000         xr
data             0x00800060         0x00000800         rw !x
eeprom           0x00810000         0x00000400         rw !x
fuse             0x00820000         0x00000002         rw !x
lock             0x00830000         0x00000400         rw !x
signature        0x00840000         0x00000400         rw !x
user_signatures  0x00850000         0x00000400         rw !x
*default*        0x00000000         0xffffffff

Linker script and memory map

LOAD C:/7.0/Packs/atmel/ATmega_DFP/1.7.374/gcc/dev/atmega32/avr5/crtatmega32.o
LOAD DIO_prog.o
LOAD EXTI_prog.o
LOAD GIE_prog.o
LOAD LCD_prog.o
LOAD main.o
LOAD Motors_prog.o
LOAD Servo_prog.o
LOAD Timer0_prg.o
LOAD Timer1_PROG.o
LOAD ultrasonic_prog.o
START GROUP
LOAD c:/7.0/toolchain/avr8/avr8-gnu-toolchain/bin/../lib/gcc/avr/5.4.0/../../../../avr/lib/avr5\libm.a
END GROUP
START GROUP
LOAD c:/7.0/toolchain/avr8/avr8-gnu-toolchain/bin/../lib/gcc/avr/5.4.0/avr5\libgcc.a
LOAD c:/7.0/toolchain/avr8/avr8-gnu-toolchain/bin/../lib/gcc/avr/5.4.0/../../../../avr/lib/avr5\libm.a
LOAD c:/7.0/toolchain/avr8/avr8-gnu-toolchain/bin/../lib/gcc/avr/5.4.0/../../../../avr/lib/avr5\libc.a
LOAD C:/7.0/Packs/atmel/ATmega_DFP/1.7.374/gcc/dev/atmega32/avr5\libatmega32.a
END GROUP
                0x00000000                __TEXT_REGION_ORIGIN__ = DEFINED (__TEXT_REGION_ORIGIN__)?__TEXT_REGION_ORIGIN__:0x0
                [0x00800060]                __DATA_REGION_ORIGIN__ = DEFINED (__DATA_REGION_ORIGIN__)?__DATA_REGION_ORIGIN__:0x800060
                [0x00008000]                __TEXT_REGION_LENGTH__ = DEFINED (__TEXT_REGION_LENGTH__)?__TEXT_REGION_LENGTH__:0x20000
                [0x00000800]                __DATA_REGION_LENGTH__ = DEFINED (__DATA_REGION_LENGTH__)?__DATA_REGION_LENGTH__:0xffa0
                [0x00000400]                __EEPROM_REGION_LENGTH__ = DEFINED (__EEPROM_REGION_LENGTH__)?__EEPROM_REGION_LENGTH__:0x10000
                [0x00000002]                __FUSE_REGION_LENGTH__ = DEFINED (__FUSE_REGION_LENGTH__)?__FUSE_REGION_LENGTH__:0x400
                0x00000400                __LOCK_REGION_LENGTH__ = DEFINED (__LOCK_REGION_LENGTH__)?__LOCK_REGION_LENGTH__:0x400
                0x00000400                __SIGNATURE_REGION_LENGTH__ = DEFINED (__SIGNATURE_REGION_LENGTH__)?__SIGNATURE_REGION_LENGTH__:0x400
                0x00000400                __USER_SIGNATURE_REGION_LENGTH__ = DEFINED (__USER_SIGNATURE_REGION_LENGTH__)?__USER_SIGNATURE_REGION_LENGTH__:0x400

.hash
 *(.hash)

.dynsym
 *(.dynsym)

.dynstr
 *(.dynstr)

.gnu.version
 *(.gnu.version)

.gnu.version_d
 *(.gnu.version_d)

.gnu.version_r
 *(.gnu.version_r)

.rel.init
 *(.rel.init)

.rela.init
 *(.rela.init)

.rel.text
 *(.rel.text)
 *(.rel.text.*)
 *(.rel.gnu.linkonce.t*)

.rela.text
 *(.rela.text)
 *(.rela.text.*)
 *(.rela.gnu.linkonce.t*)

.rel.fini
 *(.rel.fini)

.rela.fini
 *(.rela.fini)

.rel.rodata
 *(.rel.rodata)
 *(.rel.rodata.*)
 *(.rel.gnu.linkonce.r*)

.rela.rodata
 *(.rela.rodata)
 *(.rela.rodata.*)
 *(.rela.gnu.linkonce.r*)

.rel.data
 *(.rel.data)
 *(.rel.data.*)
 *(.rel.gnu.linkonce.d*)

.rela.data
 *(.rela.data)
 *(.rela.data.*)
 *(.rela.gnu.linkonce.d*)

.rel.ctors
 *(.rel.ctors)

.rela.ctors
 *(.rela.ctors)

.rel.dtors
 *(.rel.dtors)

.rela.dtors
 *(.rela.dtors)

.rel.got
 *(.rel.got)

.rela.got
 *(.rela.got)

.rel.bss
 *(.rel.bss)

.rela.bss
 *(.rela.bss)

.rel.plt
 *(.rel.plt)

.rela.plt
 *(.rela.plt)

.text           0x00000000      0xcf8
 *(.vectors)
 .vectors       0x00000000       0x54 C:/7.0/Packs/atmel/ATmega_DFP/1.7.374/gcc/dev/atmega32/avr5/crtatmega32.o
                0x00000000                __vector_default
                0x00000000                __vectors
 *(.vectors)
 *(.progmem.gcc*)
                0x00000054                . = ALIGN (0x2)
                0x00000054                __trampolines_start = .
 *(.trampolines)
 .trampolines   0x00000054        0x0 linker stubs
 *(.trampolines*)
                0x00000054                __trampolines_end = .
 *libprintf_flt.a:*(.progmem.data)
 *libc.a:*(.progmem.data)
 *(.progmem*)
                0x00000054                . = ALIGN (0x2)
 *(.jumptables)
 *(.jumptables*)
 *(.lowtext)
 *(.lowtext*)
                0x00000054                __ctors_start = .
 *(.ctors)
                0x00000054                __ctors_end = .
                0x00000054                __dtors_start = .
 *(.dtors)
                0x00000054                __dtors_end = .
 SORT(*)(.ctors)
 SORT(*)(.dtors)
 *(.init0)
 .init0         0x00000054        0x0 C:/7.0/Packs/atmel/ATmega_DFP/1.7.374/gcc/dev/atmega32/avr5/crtatmega32.o
                0x00000054                __init
 *(.init0)
 *(.init1)
 *(.init1)
 *(.init2)
 .init2         0x00000054        0xc C:/7.0/Packs/atmel/ATmega_DFP/1.7.374/gcc/dev/atmega32/avr5/crtatmega32.o
 *(.init2)
 *(.init3)
 *(.init3)
 *(.init4)
 .init4         0x00000060       0x16 c:/7.0/toolchain/avr8/avr8-gnu-toolchain/bin/../lib/gcc/avr/5.4.0/avr5\libgcc.a(_copy_data.o)
                0x00000060                __do_copy_data
 .init4         0x00000076       0x10 c:/7.0/toolchain/avr8/avr8-gnu-toolchain/bin/../lib/gcc/avr/5.4.0/avr5\libgcc.a(_clear_bss.o)
                0x00000076                __do_clear_bss
 *(.init4)
 *(.init5)
 *(.init5)
 *(.init6)
 *(.init6)
 *(.init7)
 *(.init7)
 *(.init8)
 *(.init8)
 *(.init9)
 .init9         0x00000086        0x8 C:/7.0/Packs/atmel/ATmega_DFP/1.7.374/gcc/dev/atmega32/avr5/crtatmega32.o
 *(.init9)
 *(.text)
 .text          0x0000008e        0x4 C:/7.0/Packs/atmel/ATmega_DFP/1.7.374/gcc/dev/atmega32/avr5/crtatmega32.o
                0x0000008e                __vector_12
                0x0000008e                __bad_interrupt
                0x0000008e                __vector_6
                0x0000008e                __vector_3
                0x0000008e                __vector_13
                0x0000008e                __vector_17
                0x0000008e                __vector_19
                0x0000008e                __vector_7
                0x0000008e                __vector_5
                0x0000008e                __vector_4
                0x0000008e                __vector_9
                0x0000008e                __vector_2
                0x0000008e                __vector_15
                0x0000008e                __vector_8
                0x0000008e                __vector_14
                0x0000008e                __vector_10
                0x0000008e                __vector_16
                0x0000008e                __vector_18
                0x0000008e                __vector_20
                0x00000092                . = ALIGN (0x2)
 *(.text.*)
 .text.DIO_voidSetPinDir
                0x00000092       0xe8 DIO_prog.o
                0x00000092                DIO_voidSetPinDir
 .text.DIO_voidSetPinValue
                0x0000017a       0xe8 DIO_prog.o
                0x0000017a                DIO_voidSetPinValue
 .text.DIO_voidSetPortValue
                0x00000262       0x20 DIO_prog.o
                0x00000262                DIO_voidSetPortValue
 .text.EXTI0_voidEnable
                0x00000282        0x8 EXTI_prog.o
                0x00000282                EXTI0_voidEnable
 .text.EXTI0_voidDisable
                0x0000028a        0x8 EXTI_prog.o
                0x0000028a                EXTI0_voidDisable
 .text.EXTI0_voidClearFlag
                0x00000292        0x8 EXTI_prog.o
                0x00000292                EXTI0_voidClearFlag
 .text.EXTI0_voidInit
                0x0000029a       0x1a EXTI_prog.o
                0x0000029a                EXTI0_voidInit
 .text.GIE_voidEnable
                0x000002b4        0x8 GIE_prog.o
                0x000002b4                GIE_voidEnable
 .text.GIE_voidDisable
                0x000002bc        0x8 GIE_prog.o
                0x000002bc                GIE_voidDisable
 .text.LCD_voidSendChar
                0x000002c4       0x88 LCD_prog.o
                0x000002c4                LCD_voidSendChar
 .text.LCD_voidSendCommand
                0x0000034c       0x88 LCD_prog.o
                0x0000034c                LCD_voidSendCommand
 .text.LCD_voidInit
                0x000003d4       0xc6 LCD_prog.o
                0x000003d4                LCD_voidInit
 .text.LCD_goto_xy
                0x0000049a       0x1e LCD_prog.o
                0x0000049a                LCD_goto_xy
 .text.LCD_Write_Word
                0x000004b8       0x22 LCD_prog.o
                0x000004b8                LCD_Write_Word
 .text.ultra_trigger
                0x000004da       0x2a main.o
                0x000004da                ultra_trigger
 .text.main     0x00000504      0x1be main.o
                0x00000504                main
 .text.__vector_1
                0x000006c2      0x10e main.o
                0x000006c2                __vector_1
 .text.__vector_11
                0x000007d0       0x6c main.o
                0x000007d0                __vector_11
 .text.Motors_Init
                0x0000083c       0x52 Motors_prog.o
                0x0000083c                Motors_Init
 .text.Motors_Stop
                0x0000088e       0x2a Motors_prog.o
                0x0000088e                Motors_Stop
 .text.Motors_TOP_Speed
                0x000008b8       0x2a Motors_prog.o
                0x000008b8                Motors_TOP_Speed
 .text.Motors_Left
                0x000008e2       0x2a Motors_prog.o
                0x000008e2                Motors_Left
 .text.Motors_Right
                0x0000090c       0x2a Motors_prog.o
                0x0000090c                Motors_Right
 .text.Servo_0_Degree
                0x00000936        0xa Servo_prog.o
                0x00000936                Servo_0_Degree
 .text.Servo_90_Degree
                0x00000940        0xa Servo_prog.o
                0x00000940                Servo_90_Degree
 .text.Servo_180_Degree
                0x0000094a        0xa Servo_prog.o
                0x0000094a                Servo_180_Degree
 .text.Servo_init
                0x00000954       0x18 Servo_prog.o
                0x00000954                Servo_init
 .text.TIMER0_void_Init
                0x0000096c       0x48 Timer0_prg.o
                0x0000096c                TIMER0_void_Init
 .text.TIMER0_void_EnableOVInt
                0x000009b4        0x8 Timer0_prg.o
                0x000009b4                TIMER0_void_EnableOVInt
 .text.TIMER1_void_Init
                0x000009bc       0x54 Timer1_PROG.o
                0x000009bc                TIMER1_void_Init
 .text.ultrasonic_init
                0x00000a10       0x26 ultrasonic_prog.o
                0x00000a10                ultrasonic_init
 .text.avr-libc.fplib
                0x00000a36       0x5e c:/7.0/toolchain/avr8/avr8-gnu-toolchain/bin/../lib/gcc/avr/5.4.0/../../../../avr/lib/avr5\libm.a(fixunssfsi.o)
                0x00000a36                __fixunssfsi
 .text.avr-libc.fplib
                0x00000a94       0x7a c:/7.0/toolchain/avr8/avr8-gnu-toolchain/bin/../lib/gcc/avr/5.4.0/../../../../avr/lib/avr5\libm.a(floatsisf.o)
                0x00000a94                __floatunsisf
                0x00000a98                __floatsisf
 .text.avr-libc.fplib
                0x00000b0e       0x44 c:/7.0/toolchain/avr8/avr8-gnu-toolchain/bin/../lib/gcc/avr/5.4.0/../../../../avr/lib/avr5\libm.a(fp_split3.o)
                0x00000b0e                __fp_split3
                0x00000b1e                __fp_splitA
 .text.avr-libc.fplib
                0x00000b52        0xe c:/7.0/toolchain/avr8/avr8-gnu-toolchain/bin/../lib/gcc/avr/5.4.0/../../../../avr/lib/avr5\libm.a(fp_zero.o)
                0x00000b52                __fp_zero
                0x00000b54                __fp_szero
 .text.avr-libc.fplib
                0x00000b60        0x8 c:/7.0/toolchain/avr8/avr8-gnu-toolchain/bin/../lib/gcc/avr/5.4.0/../../../../avr/lib/avr5\libm.a(mulsf3.o)
                0x00000b60                __mulsf3
 .text.avr-libc.fplib
                0x00000b68       0xd2 c:/7.0/toolchain/avr8/avr8-gnu-toolchain/bin/../lib/gcc/avr/5.4.0/../../../../avr/lib/avr5\libm.a(mulsf3x.o)
                0x00000b86                __mulsf3x
                0x00000b8c                __mulsf3_pse
 .text.avr-libc.fplib
                0x00000c3a        0xc c:/7.0/toolchain/avr8/avr8-gnu-toolchain/bin/../lib/gcc/avr/5.4.0/../../../../avr/lib/avr5\libm.a(fp_inf.o)
                0x00000c3a                __fp_inf
 .text.avr-libc.fplib
                0x00000c46        0x6 c:/7.0/toolchain/avr8/avr8-gnu-toolchain/bin/../lib/gcc/avr/5.4.0/../../../../avr/lib/avr5\libm.a(fp_nan.o)
                0x00000c46                __fp_nan
 .text.avr-libc.fplib
                0x00000c4c        0xe c:/7.0/toolchain/avr8/avr8-gnu-toolchain/bin/../lib/gcc/avr/5.4.0/../../../../avr/lib/avr5\libm.a(fp_pscA.o)
                0x00000c4c                __fp_pscA
 .text.avr-libc.fplib
                0x00000c5a        0xe c:/7.0/toolchain/avr8/avr8-gnu-toolchain/bin/../lib/gcc/avr/5.4.0/../../../../avr/lib/avr5\libm.a(fp_pscB.o)
                0x00000c5a                __fp_pscB
 .text.avr-libc.fplib
                0x00000c68       0x22 c:/7.0/toolchain/avr8/avr8-gnu-toolchain/bin/../lib/gcc/avr/5.4.0/../../../../avr/lib/avr5\libm.a(fp_round.o)
                0x00000c68                __fp_round
 .text.avr-libc
                0x00000c8a       0x16 c:/7.0/toolchain/avr8/avr8-gnu-toolchain/bin/../lib/gcc/avr/5.4.0/../../../../avr/lib/avr5\libc.a(itoa_ncheck.o)
                0x00000c8a                __itoa_ncheck
 .text.avr-libc
                0x00000ca0       0x34 c:/7.0/toolchain/avr8/avr8-gnu-toolchain/bin/../lib/gcc/avr/5.4.0/../../../../avr/lib/avr5\libc.a(utoa_ncheck.o)
                0x00000ca0                __utoa_ncheck
                0x00000ca2                __utoa_common
 .text.avr-libc
                0x00000cd4       0x20 c:/7.0/toolchain/avr8/avr8-gnu-toolchain/bin/../lib/gcc/avr/5.4.0/../../../../avr/lib/avr5\libc.a(strrev.o)
                0x00000cd4                strrev
                0x00000cf4                . = ALIGN (0x2)
 *(.fini9)
 .fini9         0x00000cf4        0x0 c:/7.0/toolchain/avr8/avr8-gnu-toolchain/bin/../lib/gcc/avr/5.4.0/avr5\libgcc.a(_exit.o)
                0x00000cf4                _exit
                0x00000cf4                exit
 *(.fini9)
 *(.fini8)
 *(.fini8)
 *(.fini7)
 *(.fini7)
 *(.fini6)
 *(.fini6)
 *(.fini5)
 *(.fini5)
 *(.fini4)
 *(.fini4)
 *(.fini3)
 *(.fini3)
 *(.fini2)
 *(.fini2)
 *(.fini1)
 *(.fini1)
 *(.fini0)
 .fini0         0x00000cf4        0x4 c:/7.0/toolchain/avr8/avr8-gnu-toolchain/bin/../lib/gcc/avr/5.4.0/avr5\libgcc.a(_exit.o)
 *(.fini0)
                0x00000cf8                _etext = .

.data           0x00800060        0x6 load address 0x00000cf8
                0x00800060                PROVIDE (__data_start, .)
 *(.data)
 *(.data*)
 *(.gnu.linkonce.d*)
 *(.rodata)
 *(.rodata*)
 .rodata.str1.1
                0x00800060        0x5 main.o
 *(.gnu.linkonce.r*)
                0x00800066                . = ALIGN (0x2)
 *fill*         0x00800065        0x1 
                0x00800066                _edata = .
                0x00800066                PROVIDE (__data_end, .)

.bss            0x00800066       0x14
                0x00800066                PROVIDE (__bss_start, .)
 *(.bss)
 *(.bss*)
 .bss.distance  0x00800066        0x4 main.o
                0x00800066                distance
 .bss.timer_counter
                0x0080006a        0x4 main.o
                0x0080006a                timer_counter
 .bss.rising_edge
                0x0080006e        0x1 main.o
                0x0080006e                rising_edge
 .bss.sensor_working
                0x0080006f        0x1 main.o
                0x0080006f                sensor_working
 *(COMMON)
 COMMON         0x00800070        0xa main.o
                0x00800070                distance_str
                0x0080007a                PROVIDE (__bss_end, .)
                0x00000cf8                __data_load_start = LOADADDR (.data)
                0x00000cfe                __data_load_end = (__data_load_start + SIZEOF (.data))

.noinit         0x0080007a        0x0
                [!provide]                PROVIDE (__noinit_start, .)
 *(.noinit*)
                [!provide]                PROVIDE (__noinit_end, .)
                0x0080007a                _end = .
                [!provide]                PROVIDE (__heap_start, .)

.eeprom         0x00810000        0x0
 *(.eeprom*)
                0x00810000                __eeprom_end = .

.fuse
 *(.fuse)
 *(.lfuse)
 *(.hfuse)
 *(.efuse)

.lock
 *(.lock*)

.signature
 *(.signature*)

.user_signatures
 *(.user_signatures*)

.stab
 *(.stab)

.stabstr
 *(.stabstr)

.stab.excl
 *(.stab.excl)

.stab.exclstr
 *(.stab.exclstr)

.stab.index
 *(.stab.index)

.stab.indexstr
 *(.stab.indexstr)

.comment        0x00000000       0x60
 *(.comment)
 .comment       0x00000000       0x30 DIO_prog.o
                                 0x31 (size before relaxing)
 .comment       0x00000030       0x31 EXTI_prog.o
 .comment       0x00000030       0x31 GIE_prog.o
 .comment       0x00000030       0x30 LCD_prog.o
                                 0x31 (size before relaxing)
 .comment       0x00000060       0x31 main.o
 .comment       0x00000060       0x31 Motors_prog.o
 .comment       0x00000060       0x31 Servo_prog.o
 .comment       0x00000060       0x31 Timer0_prg.o
 .comment       0x00000060       0x31 Timer1_PROG.o
 .comment       0x00000060       0x31 ultrasonic_prog.o

.note.gnu.avr.deviceinfo
                0x00000000       0x3c
 .note.gnu.avr.deviceinfo
                0x00000000       0x3c C:/7.0/Packs/atmel/ATmega_DFP/1.7.374/gcc/dev/atmega32/avr5/crtatmega32.o

.note.gnu.build-id
 *(.note.gnu.build-id)

.debug
 *(.debug)

.line
 *(.line)

.debug_srcinfo
 *(.debug_srcinfo)

.debug_sfnames
 *(.debug_sfnames)

.debug_aranges  0x00000000      0x220
 *(.debug_aranges)
 .debug_aranges
                0x00000000       0x38 DIO_prog.o
 .debug_aranges
                0x00000038       0x38 EXTI_prog.o
 .debug_aranges
                0x00000070       0x28 GIE_prog.o
 .debug_aranges
                0x00000098       0x40 LCD_prog.o
 .debug_aranges
                0x000000d8       0x38 main.o
 .debug_aranges
                0x00000110       0x40 Motors_prog.o
 .debug_aranges
                0x00000150       0x38 Servo_prog.o
 .debug_aranges
                0x00000188       0x50 Timer0_prg.o
 .debug_aranges
                0x000001d8       0x28 Timer1_PROG.o
 .debug_aranges
                0x00000200       0x20 ultrasonic_prog.o

.debug_pubnames
 *(.debug_pubnames)

.debug_info     0x00000000     0x20d6
 *(.debug_info .gnu.linkonce.wi.*)
 .debug_info    0x00000000      0x4e6 C:/7.0/Packs/atmel/ATmega_DFP/1.7.374/gcc/dev/atmega32/avr5/crtatmega32.o
 .debug_info    0x000004e6      0x16f DIO_prog.o
 .debug_info    0x00000655       0xf1 EXTI_prog.o
 .debug_info    0x00000746       0x98 GIE_prog.o
 .debug_info    0x000007de      0x8d8 LCD_prog.o
 .debug_info    0x000010b6      0x7ef main.o
 .debug_info    0x000018a5      0x3b8 Motors_prog.o
 .debug_info    0x00001c5d      0x130 Servo_prog.o
 .debug_info    0x00001d8d      0x156 Timer0_prg.o
 .debug_info    0x00001ee3       0xd7 Timer1_PROG.o
 .debug_info    0x00001fba      0x11c ultrasonic_prog.o

.debug_abbrev   0x00000000      0xd0b
 *(.debug_abbrev)
 .debug_abbrev  0x00000000      0x4a3 C:/7.0/Packs/atmel/ATmega_DFP/1.7.374/gcc/dev/atmega32/avr5/crtatmega32.o
 .debug_abbrev  0x000004a3       0xb4 DIO_prog.o
 .debug_abbrev  0x00000557       0x88 EXTI_prog.o
 .debug_abbrev  0x000005df       0x51 GIE_prog.o
 .debug_abbrev  0x00000630      0x177 LCD_prog.o
 .debug_abbrev  0x000007a7      0x269 main.o
 .debug_abbrev  0x00000a10       0x94 Motors_prog.o
 .debug_abbrev  0x00000aa4       0xcb Servo_prog.o
 .debug_abbrev  0x00000b6f       0x9b Timer0_prg.o
 .debug_abbrev  0x00000c0a       0x85 Timer1_PROG.o
 .debug_abbrev  0x00000c8f       0x7c ultrasonic_prog.o

.debug_line     0x00000000      0xea5
 *(.debug_line .debug_line.* .debug_line_end)
 .debug_line    0x00000000      0x116 C:/7.0/Packs/atmel/ATmega_DFP/1.7.374/gcc/dev/atmega32/avr5/crtatmega32.o
 .debug_line    0x00000116      0x1d9 DIO_prog.o
 .debug_line    0x000002ef       0xba EXTI_prog.o
 .debug_line    0x000003a9       0x68 GIE_prog.o
 .debug_line    0x00000411      0x2b3 LCD_prog.o
 .debug_line    0x000006c4      0x350 main.o
 .debug_line    0x00000a14      0x11f Motors_prog.o
 .debug_line    0x00000b33       0xbf Servo_prog.o
 .debug_line    0x00000bf2      0x126 Timer0_prg.o
 .debug_line    0x00000d18       0xfa Timer1_PROG.o
 .debug_line    0x00000e12       0x93 ultrasonic_prog.o

.debug_frame    0x00000000      0x3ac
 *(.debug_frame)
 .debug_frame   0x00000000       0x54 DIO_prog.o
 .debug_frame   0x00000054       0x54 EXTI_prog.o
 .debug_frame   0x000000a8       0x34 GIE_prog.o
 .debug_frame   0x000000dc       0x80 LCD_prog.o
 .debug_frame   0x0000015c       0xbc main.o
 .debug_frame   0x00000218       0x64 Motors_prog.o
 .debug_frame   0x0000027c       0x54 Servo_prog.o
 .debug_frame   0x000002d0       0x84 Timer0_prg.o
 .debug_frame   0x00000354       0x34 Timer1_PROG.o
 .debug_frame   0x00000388       0x24 ultrasonic_prog.o

.debug_str      0x00000000      0x7d6
 *(.debug_str)
 .debug_str     0x00000000      0x196 C:/7.0/Packs/atmel/ATmega_DFP/1.7.374/gcc/dev/atmega32/avr5/crtatmega32.o
 .debug_str     0x00000196      0x186 DIO_prog.o
                                0x1b3 (size before relaxing)
 .debug_str     0x0000031c       0x67 EXTI_prog.o
                                0x182 (size before relaxing)
 .debug_str     0x00000383       0x1f GIE_prog.o
                                0x14a (size before relaxing)
 .debug_str     0x000003a2      0x136 LCD_prog.o
                                0x270 (size before relaxing)
 .debug_str     0x000004d8      0x15a main.o
                                0x35d (size before relaxing)
 .debug_str     0x00000632       0x13 Motors_prog.o
                                0x1db (size before relaxing)
 .debug_str     0x00000645       0x23 Servo_prog.o
                                0x1d0 (size before relaxing)
 .debug_str     0x00000668      0x121 Timer0_prg.o
                                0x214 (size before relaxing)
 .debug_str     0x00000789       0x36 Timer1_PROG.o
                                0x1ba (size before relaxing)
 .debug_str     0x000007bf       0x17 ultrasonic_prog.o
                                0x1b1 (size before relaxing)

.debug_loc      0x00000000      0xd1b
 *(.debug_loc)
 .debug_loc     0x00000000      0x2a0 DIO_prog.o
 .debug_loc     0x000002a0      0x5b9 LCD_prog.o
 .debug_loc     0x00000859      0x4c2 main.o

.debug_macinfo
 *(.debug_macinfo)

.debug_weaknames
 *(.debug_weaknames)

.debug_funcnames
 *(.debug_funcnames)

.debug_typenames
 *(.debug_typenames)

.debug_varnames
 *(.debug_varnames)

.debug_pubtypes
 *(.debug_pubtypes)

.debug_ranges   0x00000000      0x180
 *(.debug_ranges)
 .debug_ranges  0x00000000       0x28 DIO_prog.o
 .debug_ranges  0x00000028       0x28 EXTI_prog.o
 .debug_ranges  0x00000050       0x18 GIE_prog.o
 .debug_ranges  0x00000068       0x30 LCD_prog.o
 .debug_ranges  0x00000098       0x28 main.o
 .debug_ranges  0x000000c0       0x30 Motors_prog.o
 .debug_ranges  0x000000f0       0x28 Servo_prog.o
 .debug_ranges  0x00000118       0x40 Timer0_prg.o
 .debug_ranges  0x00000158       0x18 Timer1_PROG.o
 .debug_ranges  0x00000170       0x10 ultrasonic_prog.o

.debug_macro
 *(.debug_macro)
OUTPUT(test1.elf elf32-avr)
LOAD linker stubs
